--------------------------------------------------------------------------------
Release 14.7 Trace  (lin64)
Copyright (c) 1995-2013 Xilinx, Inc.  All rights reserved.

/home/shreyas/Xilinx/14.7/ISE_DS/ISE/bin/lin64/unwrapped/trce -intstyle ise -v
3 -s 1 -n 3 -fastpaths -xml wrapper.twx wrapper.ncd -o wrapper.twr wrapper.pcf
-ucf wrapper.ucf

Design file:              wrapper.ncd
Physical constraint file: wrapper.pcf
Device,package,speed:     xc7a100t,csg324,C,-1 (PRODUCTION 1.10 2013-10-13)
Report level:             verbose report

Environment Variable      Effect 
--------------------      ------ 
NONE                      No environment variables were set
--------------------------------------------------------------------------------

INFO:Timing:3412 - To improve timing, see the Timing Closure User Guide (UG612).
INFO:Timing:2752 - To get complete path coverage, use the unconstrained paths 
   option. All paths that are not constrained will be reported in the 
   unconstrained paths section(s) of the report.
INFO:Timing:3339 - The clock-to-out numbers in this timing report are based on 
   a 50 Ohm transmission line loading model.  For the details of this model, 
   and for more information on accounting for different loading conditions, 
   please see the device datasheet.

================================================================================
Timing constraint: TS_clk = PERIOD TIMEGRP "clk" 2.2 ns HIGH 50%;
For more information, see Period Analysis in the Timing Closure User Guide (UG612).

 0 paths analyzed, 0 endpoints analyzed, 0 failing endpoints
 0 timing errors detected. (0 component switching limit errors)
 Minimum period is   2.155ns.
--------------------------------------------------------------------------------

Component Switching Limit Checks: TS_clk = PERIOD TIMEGRP "clk" 2.2 ns HIGH 50%;
--------------------------------------------------------------------------------
Slack: 0.045ns (period - min period limit)
  Period: 2.200ns
  Min period limit: 2.155ns (464.037MHz) (Tbcper_I(Fmax))
  Physical resource: clk_BUFGP/BUFG/I0
  Logical resource: clk_BUFGP/BUFG/I0
  Location pin: BUFGCTRL_X0Y31.I0
  Clock network: clk_BUFGP/IBUFG
--------------------------------------------------------------------------------
Slack: 0.726ns (period - min period limit)
  Period: 2.200ns
  Min period limit: 1.474ns (678.426MHz) (Tockper)
  Physical resource: sum_60/CLK
  Logical resource: sum_60/CK
  Location pin: OLOGIC_X0Y57.CLK
  Clock network: clk_BUFGP
--------------------------------------------------------------------------------
Slack: 0.726ns (period - (min high pulse limit / (high pulse / period)))
  Period: 2.200ns
  High pulse: 1.100ns
  High pulse limit: 0.737ns (Tospwh)
  Physical resource: sum_60/SR
  Logical resource: sum_60/SR
  Location pin: OLOGIC_X0Y57.SR
  Clock network: rst_IBUF
--------------------------------------------------------------------------------


All constraints were met.


Data Sheet report:
-----------------
No constraints were found to generate data for the Data Sheet Report section.
Use the Advanced Analysis (-a) option or generate global constraints for each
clock, its pad to setup and clock to pad paths, and a pad to pad constraint.

Timing summary:
---------------

Timing errors: 0  Score: 0  (Setup/Max: 0, Hold: 0)

Constraints cover 0 paths, 0 nets, and 0 connections

Design statistics:
   Minimum period:   2.155ns{1}   (Maximum frequency: 464.037MHz)


------------------------------------Footnotes-----------------------------------
1)  The minimum period statistic assumes all single cycle delays.

Analysis completed Wed Aug 31 01:05:08 2022 
--------------------------------------------------------------------------------

Trace Settings:
-------------------------
Trace Settings 

Peak Memory Usage: 755 MB



